\BOOKMARK [0][-]{section*.2}{\376\377\006\101\006\107\006\061\006\063\006\052\000\040\006\064\006\251\006\104\040\014\006\107\006\047}{}% 1
\BOOKMARK [0][-]{section*.3}{\376\377\006\101\006\107\006\061\006\063\006\052\000\040\006\054\006\057\006\110\006\104\040\014\006\107\006\047}{}% 2
\BOOKMARK [0][-]{chapter.1}{\376\377\006\251\006\104\006\314\006\047\006\052\000\040\006\110\000\040\006\105\006\050\006\047\006\106\006\314\000\040\006\052\006\064\006\056\006\314\006\065\000\040\006\052\006\110\006\066\006\314\006\055\040\014\006\176\006\060\006\314\006\061\000\040\006\063\006\104\006\047\006\105\006\052\000\040\006\061\006\110\006\047\006\106}{}% 3
\BOOKMARK [1][-]{section.1.1}{\376\377\006\105\006\102\006\057\006\105\006\107\000\040\006\110\000\040\006\050\006\314\006\047\006\106\000\040\006\105\006\063\006\046\006\104\006\107}{chapter.1}% 4
\BOOKMARK [1][-]{section.1.2}{\376\377\006\052\006\064\006\056\006\314\006\065\000\040\006\052\006\110\006\066\006\314\006\055\040\014\006\176\006\060\006\314\006\061\000\040\006\063\006\104\006\047\006\105\006\052\000\040\006\061\006\110\006\047\006\106\000\040\006\047\006\062\000\040\006\057\006\047\006\057\006\107\040\014\006\107\006\047\006\314\000\040\006\105\006\052\006\106\006\314}{chapter.1}% 5
\BOOKMARK [1][-]{section.1.3}{\376\377\006\105\006\057\006\104\040\014\006\107\006\047\006\314\000\040\006\062\006\050\006\047\006\106\006\314\000\040\006\050\006\062\006\061\006\257\006\014\000\040\006\052\006\110\006\066\006\314\006\055\040\014\006\176\006\060\006\314\006\061\006\314\000\040\006\110\000\040\006\052\006\110\006\107\006\105\000\040\006\047\006\067\006\104\006\047\006\071\006\047\006\052\006\314}{chapter.1}% 6
\BOOKMARK [1][-]{section.1.4}{\376\377\006\050\006\047\006\062\006\314\006\047\006\050\006\314\000\040\006\047\006\101\006\062\006\110\006\057\006\107\000:\000\040\006\052\006\071\006\061\006\314\006\101\006\014\000\040\006\063\006\047\006\062\006\110\006\251\006\047\006\061\000\040\006\110\000\040\006\105\006\062\006\047\006\314\006\047}{chapter.1}% 7
\BOOKMARK [1][-]{section.1.5}{\376\377\006\105\006\055\006\057\006\110\006\057\006\314\006\052\040\014\006\107\006\047\006\314\000\040\006\050\006\047\006\062\006\314\006\047\006\050\006\314\000\040\006\105\006\052\006\106\006\314\000\040\006\110\000\040\006\066\006\061\006\110\006\061\006\052\000\040\006\063\006\047\006\056\006\052\006\047\006\061\000\040\006\257\006\061\006\047\006\101\006\314}{chapter.1}% 8
\BOOKMARK [1][-]{section.1.6}{\376\377\006\257\006\061\006\047\006\101\000\040\006\057\006\047\006\106\006\064\006\014\000\040\006\047\006\104\006\257\006\110\006\107\006\047\006\314\000\040\006\047\006\057\006\072\006\047\006\105\000\040\006\110\000\040\006\054\006\107\006\052\040\014\006\257\006\314\006\061\006\314\000\040\006\176\006\230\006\110\006\107\006\064}{chapter.1}% 9
\BOOKMARK [1][-]{section.1.7}{\376\377\006\054\006\105\006\071\040\014\006\050\006\106\006\057\006\314}{chapter.1}% 10
\BOOKMARK [0][-]{chapter.2}{\376\377\006\176\006\230\006\110\006\107\006\064\040\014\006\107\006\047\006\314\000\040\006\105\006\061\006\052\006\050\006\067\000\040\006\110\000\040\006\061\006\110\006\064\040\014\006\107\006\047\006\314\000\040\006\105\006\050\006\106\006\047}{}% 11
\BOOKMARK [1][-]{section.2.1}{\376\377\006\105\006\102\006\057\006\105\006\107\000\040\006\110\000\040\006\206\006\047\006\061\006\206\006\110\006\050\000\040\006\067\006\050\006\102\006\107\040\014\006\050\006\106\006\057\006\314}{chapter.2}% 12
\BOOKMARK [1][-]{section.2.2}{\376\377\006\176\006\230\006\110\006\107\006\064\040\014\006\107\006\047\006\314\000\040\006\052\006\064\006\056\006\314\006\065\000\040\006\052\006\110\006\066\006\314\006\055\040\014\006\176\006\060\006\314\006\061\000\040\006\063\006\104\006\047\006\105\006\052\000\040\006\061\006\110\006\047\006\106}{chapter.2}% 13
\BOOKMARK [2][-]{subsection.2.2.1}{\376\377\006\047\006\062\000\040\006\061\006\110\006\064\040\014\006\107\006\047\006\314\000\040\006\176\006\314\006\064\040\014\006\050\006\314\006\106\006\314\000\040\006\052\006\047\000\040\006\105\006\057\006\104\040\014\006\107\006\047\006\314\000\040\006\062\006\050\006\047\006\106\006\314\000\040\006\050\006\062\006\061\006\257}{section.2.2}% 14
\BOOKMARK [2][-]{subsection.2.2.2}{\376\377\006\052\006\106\006\070\006\314\006\105\000\040\006\057\006\047\006\105\006\106\006\107\040\014\006\047\006\314\000\040\006\110\000\040\006\047\006\063\006\052\006\101\006\047\006\057\006\107\000\040\006\047\006\062\000\040\006\057\006\047\006\106\006\064\000\040\006\050\006\061\006\047\006\314\000\040\006\052\006\110\006\104\006\314\006\057\000\040\006\052\006\110\006\066\006\314\006\055}{section.2.2}% 15
\BOOKMARK [1][-]{section.2.3}{\376\377\006\047\006\062\000\040\006\050\006\047\006\062\006\314\006\047\006\050\006\314\000\040\006\047\006\101\006\062\006\110\006\057\006\107\000\040\006\105\006\052\006\106\006\314\000\040\006\052\006\047\000\040\006\050\006\047\006\062\006\314\006\047\006\050\006\314\000\040\006\047\006\101\006\062\006\110\006\057\006\107\000\040\006\257\006\061\006\047\006\101\040\014\006\105\006\055\006\110\006\061}{chapter.2}% 16
\BOOKMARK [1][-]{section.2.4}{\376\377\006\063\006\047\006\056\006\052\000\040\006\257\006\061\006\047\006\101\000\040\006\057\006\047\006\106\006\064\000\040\006\047\006\062\000\040\006\105\006\052\006\106\000:\000\040\006\061\006\110\006\064\000\040\000K\000G\000G\000e\000n}{chapter.2}% 17
\BOOKMARK [1][-]{section.2.5}{\376\377\006\061\006\110\006\064\040\014\006\107\006\047\006\314\000\040\006\257\006\061\006\047\006\101\006\314\000\040\006\050\006\047\006\062\006\314\006\047\006\050\006\314\040\014\006\105\006\055\006\110\006\061\000:\000\040\006\063\006\047\006\062\006\110\006\251\006\047\006\061\000\040\006\110\000\040\006\110\006\314\006\230\006\257\006\314\040\014\006\107\006\047}{chapter.2}% 18
\BOOKMARK [1][-]{section.2.6}{\376\377\006\061\006\110\006\064\040\014\006\107\006\047\006\314\000\040\006\257\006\061\006\047\006\101\006\314\000\040\006\071\006\047\006\105\006\104\040\014\006\105\006\055\006\110\006\061\000:\000\040\006\063\006\047\006\062\006\110\006\251\006\047\006\061\000\040\006\110\000\040\006\110\006\314\006\230\006\257\006\314\040\014\006\107\006\047}{chapter.2}% 19
\BOOKMARK [1][-]{section.2.7}{\376\377\006\105\006\102\006\047\006\314\006\063\006\107\000\040\006\061\006\110\006\064\040\014\006\107\006\047\006\314\000\040\006\050\006\047\006\062\006\314\006\047\006\050\006\314\040\014\006\105\006\055\006\110\006\061\000\040\006\110\000\040\006\071\006\047\006\105\006\104\040\014\006\105\006\055\006\110\006\061}{chapter.2}% 20
\BOOKMARK [1][-]{section.2.8}{\376\377\006\047\006\063\006\052\006\057\006\104\006\047\006\104\000\040\006\105\006\102\006\314\006\057\000\040\006\050\006\107\000\040\006\257\006\061\006\047\006\101\000:\000\040\006\061\006\110\006\064\000\040\000G\000C\000R}{chapter.2}% 21
\BOOKMARK [1][-]{section.2.9}{\376\377\006\251\006\047\006\061\006\050\006\061\006\057\000\040\006\057\006\061\000\040\006\063\006\104\006\047\006\105\006\052\000\040\006\061\006\110\006\047\006\106\000\040\006\110\000\040\006\105\006\050\006\106\006\047\006\314\000\040\006\047\006\061\006\062\006\314\006\047\006\050\006\314}{chapter.2}% 22
\BOOKMARK [0][-]{chapter.3}{\376\377\006\206\006\047\006\061\006\206\006\110\006\050\000\040\006\110\000\040\006\176\006\314\006\047\006\057\006\107\040\014\006\063\006\047\006\062\006\314\000\040\006\061\006\110\006\064\040\014\006\107\006\047}{}% 23
\BOOKMARK [1][-]{section.3.1}{\376\377\006\206\006\047\006\061\006\206\006\110\006\050\000\040\006\105\006\064\006\052\006\061\006\251\000\040\006\042\006\062\006\105\006\047\006\314\006\064\040\014\006\107\006\047}{chapter.3}% 24
\BOOKMARK [1][-]{section.3.2}{\376\377\006\063\006\047\006\056\006\052\000\040\006\257\006\061\006\047\006\101\000\040\006\057\006\047\006\106\006\064\000\040\006\110\000\040\006\106\006\105\006\047\006\314\006\107\040\014\006\063\006\047\006\062\006\314\000\040\006\050\006\061\006\057\006\047\006\061\006\314}{chapter.3}% 25
\BOOKMARK [1][-]{section.3.3}{\376\377\006\176\006\314\006\047\006\057\006\107\040\014\006\063\006\047\006\062\006\314\000\040\006\061\006\110\006\064\040\014\006\107\006\047\006\314\000\040\006\105\006\110\006\061\006\057\000\040\006\105\006\102\006\047\006\314\006\063\006\107}{chapter.3}% 26
\BOOKMARK [2][-]{subsection.3.3.1}{\376\377\006\062\006\106\006\054\006\314\006\061\006\107\000\040\006\101\006\251\006\061\000\040\000\050\000C\000o\000T\000\051}{section.3.3}% 27
\BOOKMARK [2][-]{subsection.3.3.2}{\376\377\000V\000a\000n\000i\000l\000l\000a\000\040\000R\000A\000G}{section.3.3}% 28
\BOOKMARK [2][-]{subsection.3.3.3}{\376\377\000H\000i\000p\000p\000o\000R\000A\000G\000\040\0002}{section.3.3}% 29
\BOOKMARK [2][-]{subsection.3.3.4}{\376\377\000T\000o\000G\000-\0001}{section.3.3}% 30
\BOOKMARK [2][-]{subsection.3.3.5}{\376\377\000T\000o\000G\000-\0002}{section.3.3}% 31
\BOOKMARK [0][-]{chapter.4}{\376\377\006\106\006\052\006\047\006\314\006\054\000\040\006\110\000\040\006\052\006\055\006\104\006\314\006\104\000\040\006\105\006\102\006\047\006\314\006\063\006\107\040\014\006\047\006\314}{}% 32
\BOOKMARK [1][-]{section.4.1}{\376\377\006\042\006\105\006\047\006\061\000\040\006\257\006\061\006\047\006\101\000\040\006\057\006\047\006\106\006\064\000\040\006\110\000\040\006\106\006\105\006\047\006\314\006\107\040\014\006\063\006\047\006\062\006\314\000\040\006\050\006\061\006\057\006\047\006\061\006\314}{chapter.4}% 33
\BOOKMARK [1][-]{section.4.2}{\376\377\006\105\006\102\006\047\006\314\006\063\006\107\000\040\006\106\006\052\006\047\006\314\006\054\000\040\006\176\006\314\006\064\040\014\006\050\006\314\006\106\006\314\000\040\006\057\006\061\000\040\006\105\006\054\006\105\006\110\006\071\006\107\040\014\006\057\006\047\006\057\006\107\040\014\006\107\006\047}{chapter.4}% 34
\BOOKMARK [1][-]{section.4.3}{\376\377\006\105\006\102\006\047\006\314\006\063\006\107\000\040\006\052\006\110\006\066\006\314\006\055\040\014\006\176\006\060\006\314\006\061\006\314\000\040\006\061\006\110\006\064\040\014\006\107\006\047}{chapter.4}% 35
\BOOKMARK [2][-]{subsection.4.3.1}{\376\377\006\064\006\050\006\047\006\107\006\052\000\040\006\105\006\071\006\106\006\047\006\314\006\314\000\040\006\052\006\110\006\066\006\314\006\055\040\014\006\107\006\047}{section.4.3}% 36
\BOOKMARK [2][-]{subsection.4.3.2}{\376\377\006\047\006\061\006\062\006\314\006\047\006\050\006\314\000\040\006\063\006\047\006\062\006\257\006\047\006\061\006\314\000\040\006\047\006\057\006\071\006\047\006\107\006\047\006\314\000\040\006\050\006\047\006\104\006\314\006\106\006\314\000\040\006\105\006\050\006\052\006\106\006\314\000\040\006\050\006\061\000\040\006\257\006\061\006\047\006\101\000\040\006\057\006\047\006\106\006\064}{section.4.3}% 37
\BOOKMARK [1][-]{section.4.4}{\376\377\006\105\006\102\006\047\006\314\006\063\006\107\000\040\006\107\006\062\006\314\006\106\006\107\000\040\006\105\006\055\006\047\006\063\006\050\006\047\006\052\006\314\000\040\006\110\000\040\006\062\006\105\006\047\006\106\000\040\006\047\006\054\006\061\006\047}{chapter.4}% 38
\BOOKMARK [1][-]{section.4.5}{\376\377\006\054\006\105\006\071\040\014\006\050\006\106\006\057\006\314}{chapter.4}% 39
\BOOKMARK [0][-]{chapter.5}{\376\377\006\054\006\105\006\071\040\014\006\050\006\106\006\057\006\314\006\014\000\040\006\105\006\055\006\057\006\110\006\057\006\314\006\052\040\014\006\107\006\047\000\040\006\110\000\040\006\105\006\063\006\314\006\061\006\107\006\047\006\314\000\040\006\042\006\314\006\106\006\057\006\107}{}% 40
\BOOKMARK [1][-]{section.5.1}{\376\377\006\105\006\061\006\110\006\061\000\040\006\176\006\230\006\110\006\107\006\064\000\040\006\047\006\106\006\054\006\047\006\105\040\014\006\064\006\057\006\107}{chapter.5}% 41
\BOOKMARK [1][-]{section.5.2}{\376\377\006\105\006\055\006\057\006\110\006\057\006\314\006\052\040\014\006\107\006\047\000\040\006\110\000\040\006\066\006\071\006\101\040\014\006\107\006\047\006\314\000\040\006\176\006\230\006\110\006\107\006\064}{chapter.5}% 42
\BOOKMARK [1][-]{section.5.3}{\376\377\006\176\006\314\006\064\006\106\006\107\006\047\006\057\006\107\006\047\006\314\006\314\000\040\006\050\006\061\006\047\006\314\000\040\006\176\006\230\006\110\006\107\006\064\040\014\006\107\006\047\006\314\000\040\006\042\006\314\006\106\006\057\006\107}{chapter.5}% 43
\BOOKMARK [2][-]{subsection.5.3.1}{\376\377\006\257\006\063\006\052\006\061\006\064\000\040\006\110\000\040\006\050\006\107\006\050\006\110\006\057\000\040\006\105\006\054\006\105\006\110\006\071\006\107\040\014\006\057\006\047\006\057\006\107\040\014\006\107\006\047\006\314\000\040\006\052\006\064\006\056\006\314\006\065\000\040\006\047\006\056\006\052\006\104\006\047\006\104\006\047\006\052\000\040\006\061\006\110\006\047\006\106\006\314}{section.5.3}% 44
\BOOKMARK [2][-]{subsection.5.3.2}{\376\377\006\052\006\110\006\104\006\314\006\057\000\040\006\052\006\110\006\066\006\314\006\055\040\014\006\107\006\047\006\314\000\040\006\050\006\047\006\104\006\314\006\106\006\314\000\040\006\050\006\047\000\040\006\176\006\064\006\052\006\314\006\050\006\047\006\106\006\314\000\040\006\071\006\104\006\105\006\314}{section.5.3}% 45
\BOOKMARK [2][-]{subsection.5.3.3}{\376\377\006\257\006\063\006\052\006\061\006\064\000\040\006\057\006\047\006\105\006\106\006\107\000\040\006\050\006\061\006\206\006\063\006\050\040\014\006\107\006\047\000\040\006\110\000\040\006\052\006\064\006\056\006\314\006\065\000\040\006\050\006\047\006\062}{section.5.3}% 46
\BOOKMARK [2][-]{subsection.5.3.4}{\376\377\006\251\006\047\006\107\006\064\000\040\006\106\006\110\006\314\006\062\000\040\006\057\006\061\000\040\006\050\006\047\006\062\006\314\006\047\006\050\006\314\000\040\006\110\000\040\006\050\006\107\006\050\006\110\006\057\000\040\000H\000i\000p\000p\000o\000R\000A\000G\000\040\0002}{section.5.3}% 47
\BOOKMARK [2][-]{subsection.5.3.5}{\376\377\006\251\006\047\006\107\006\064\000\040\006\107\006\062\006\314\006\106\006\107\000\040\006\110\000\040\006\052\006\071\006\057\006\047\006\057\000\040\006\101\006\061\006\047\006\056\006\110\006\047\006\106\006\314\040\014\006\107\006\047\006\314\000\040\000T\000o\000G}{section.5.3}% 48
\BOOKMARK [2][-]{subsection.5.3.6}{\376\377\006\047\006\061\006\062\006\314\006\047\006\050\006\314\000\040\006\071\006\105\006\110\006\105\006\314\000\040\006\047\006\057\006\071\006\047\000\040\006\110\000\040\006\047\006\061\006\052\006\050\006\047\006\067\000\040\006\064\006\110\006\047\006\107\006\057}{section.5.3}% 49
\BOOKMARK [1][-]{section.5.4}{\376\377\006\063\006\056\006\106\000\040\006\176\006\047\006\314\006\047\006\106\006\314}{chapter.5}% 50
\BOOKMARK [0][-]{appendix.Alph1}{\376\377\006\047\006\105\006\066\006\047\006\107\006\047\006\314\000\040\006\063\006\047\006\056\006\052\006\047\006\061\006\314\006\047\006\101\006\052\006\107\000\040\006\110\000\040\006\057\006\063\006\052\006\110\006\061\006\107\006\047\006\314\000\040\006\105\006\057\006\104}{}% 51
\BOOKMARK [1][-]{section.Alph1.1}{\376\377\006\062\006\106\006\054\006\314\006\061\006\107\000\040\006\101\006\251\006\061\000\040\006\110\000\040\006\050\006\047\006\062\006\314\006\047\006\050\006\314\000\040\006\105\006\052\006\106}{appendix.Alph1}% 52
\BOOKMARK [1][-]{section.Alph1.2}{\376\377\006\047\006\105\006\066\006\047\006\107\006\047\006\314\000\040\006\061\006\110\006\064\000\040\000H\000i\000p\000p\000o\000R\000A\000G\000\040\0002}{appendix.Alph1}% 53
\BOOKMARK [1][-]{section.Alph1.3}{\376\377\006\047\006\105\006\066\006\047\006\107\006\047\006\314\000\040\006\061\006\110\006\064\000\040\000T\000o\000G\000-\0001}{appendix.Alph1}% 54
\BOOKMARK [1][-]{section.Alph1.4}{\376\377\006\047\006\105\006\066\006\047\006\107\006\047\006\314\000\040\006\061\006\110\006\064\000\040\000T\000o\000G\000-\0002}{appendix.Alph1}% 55
\BOOKMARK [1][-]{section.Alph1.5}{\376\377\006\047\006\061\006\062\006\314\006\047\006\050\006\314\000\040\006\047\006\057\006\071\006\047\006\107\006\047\006\314\000\040\006\050\006\047\006\104\006\314\006\106\006\314}{appendix.Alph1}% 56
\BOOKMARK [0][-]{appendix.Alph2}{\376\377\006\106\006\105\006\110\006\106\006\107\000\040\006\047\006\054\006\061\006\047\006\314\000\040\006\257\006\047\006\105\040\014\006\050\006\107\040\014\006\257\006\047\006\105\000\040\006\061\006\110\006\064\040\014\006\107\006\047}{}% 57
\BOOKMARK [1][-]{section.Alph2.1}{\376\377\006\106\006\105\006\110\006\106\006\107\000\040\006\105\006\064\006\052\006\061\006\251}{appendix.Alph2}% 58
\BOOKMARK [1][-]{section.Alph2.2}{\376\377\006\061\006\110\006\064\000\040\000V\000a\000n\000i\000l\000l\000a\000\040\000R\000A\000G}{appendix.Alph2}% 59
\BOOKMARK [1][-]{section.Alph2.3}{\376\377\006\061\006\110\006\064\000\040\000H\000i\000p\000p\000o\000R\000A\000G\000\040\0002}{appendix.Alph2}% 60
\BOOKMARK [1][-]{section.Alph2.4}{\376\377\006\061\006\110\006\064\000\040\006\062\006\106\006\054\006\314\006\061\006\107\000\040\006\101\006\251\006\061\000\040\000C\000o\000T}{appendix.Alph2}% 61
\BOOKMARK [1][-]{section.Alph2.5}{\376\377\006\061\006\110\006\064\000\040\000T\000o\000G\000-\0001}{appendix.Alph2}% 62
\BOOKMARK [1][-]{section.Alph2.6}{\376\377\006\061\006\110\006\064\000\040\000T\000o\000G\000-\0002}{appendix.Alph2}% 63
\BOOKMARK [1][-]{section.Alph2.7}{\376\377\006\106\006\105\006\110\006\106\006\107\000\040\006\047\006\063\006\052\006\056\006\061\006\047\006\054\000\040\006\047\006\057\006\071\006\047\000\040\006\047\006\062\000\040\006\052\006\110\006\066\006\314\006\055\000\040\000T\000o\000G\000-\0002}{appendix.Alph2}% 64
\BOOKMARK [0][-]{appendix*.19}{\376\377\006\105\006\106\006\047\006\050\006\071\000\040\006\110\000\040\006\105\006\061\006\047\006\054\006\071}{}% 65
